Log file opened on Tue Aug  1 18:30:03 2017
Host: md67  pid: 21731  rank ID: 0  number of ranks:  1
                      :-) GROMACS - gmx mdrun, 2016.3 (-:

                            GROMACS is written by:
     Emile Apol      Rossen Apostolov  Herman J.C. Berendsen    Par Bjelkmar   
 Aldert van Buuren   Rudi van Drunen     Anton Feenstra    Gerrit Groenhof  
 Christoph Junghans   Anca Hamuraru    Vincent Hindriksen Dimitrios Karkoulis
    Peter Kasson        Jiri Kraus      Carsten Kutzner      Per Larsson    
  Justin A. Lemkul   Magnus Lundborg   Pieter Meulenhoff    Erik Marklund   
   Teemu Murtola       Szilard Pall       Sander Pronk      Roland Schulz   
  Alexey Shvetsov     Michael Shirts     Alfons Sijbers     Peter Tieleman  
  Teemu Virolainen  Christian Wennberg    Maarten Wolf   
                           and the project leaders:
        Mark Abraham, Berk Hess, Erik Lindahl, and David van der Spoel

Copyright (c) 1991-2000, University of Groningen, The Netherlands.
Copyright (c) 2001-2017, The GROMACS development team at
Uppsala University, Stockholm University and
the Royal Institute of Technology, Sweden.
check out http://www.gromacs.org for more information.

GROMACS is free software; you can redistribute it and/or modify it
under the terms of the GNU Lesser General Public License
as published by the Free Software Foundation; either version 2.1
of the License, or (at your option) any later version.

GROMACS:      gmx mdrun, version 2016.3
Executable:   /usr/local/gromacs-2016.3/bin/gmx
Data prefix:  /usr/local/gromacs-2016.3
Working dir:  /home/pimfrederix/Documents/Peptide_assembly_5.1_toplay/4_Running_simulations
Command line:
  gmx mdrun -v -deffnm TYR-ARG-TYR_eq

GROMACS version:    2016.3
Precision:          single
Memory model:       64 bit
MPI library:        thread_mpi
OpenMP support:     enabled (GMX_OPENMP_MAX_THREADS = 32)
GPU support:        disabled
SIMD instructions:  SSE4.1
FFT library:        fftw-3.3.5-sse2
RDTSCP usage:       enabled
TNG support:        enabled
Hwloc support:      hwloc-1.11.0
Tracing support:    disabled
Built on:           zo  2 jul 2017 22:12:39 CEST
Built by:           root@md67 [CMAKE]
Build OS/arch:      Linux 4.4.0-79-generic x86_64
Build CPU vendor:   Intel
Build CPU brand:    Intel(R) Core(TM) i7 CPU         930  @ 2.80GHz
Build CPU family:   6   Model: 26   Stepping: 5
Build CPU features: apic clfsh cmov cx8 cx16 htt lahf mmx msr nonstop_tsc pdcm popcnt pse rdtscp sse2 sse3 sse4.1 sse4.2 ssse3
C compiler:         /usr/bin/cc GNU 5.4.0
C compiler flags:    -msse4.1     -O3 -DNDEBUG -funroll-all-loops -fexcess-precision=fast  
C++ compiler:       /usr/bin/c++ GNU 5.4.0
C++ compiler flags:  -msse4.1    -std=c++0x   -O3 -DNDEBUG -funroll-all-loops -fexcess-precision=fast  


Running on 1 node with total 4 cores, 8 logical cores
Hardware detected:
  CPU info:
    Vendor: Intel
    Brand:  Intel(R) Core(TM) i7 CPU         930  @ 2.80GHz
    Family: 6   Model: 26   Stepping: 5
    Features: apic clfsh cmov cx8 cx16 htt lahf mmx msr nonstop_tsc pdcm popcnt pse rdtscp sse2 sse3 sse4.1 sse4.2 ssse3
    SIMD instructions most likely to fit this hardware: SSE4.1
    SIMD instructions selected at GROMACS compile time: SSE4.1

  Hardware topology: Full, with devices
    Sockets, cores, and logical processors:
      Socket  0: [   0   4] [   1   5] [   2   6] [   3   7]
    Numa nodes:
      Node  0 (6244065280 bytes mem):   0   1   2   3   4   5   6   7
      Latency:
               0
         0  1.00
    Caches:
      L1: 32768 bytes, linesize 64 bytes, assoc. 8, shared 2 ways
      L2: 262144 bytes, linesize 64 bytes, assoc. 8, shared 2 ways
      L3: 8388608 bytes, linesize 64 bytes, assoc. 16, shared 8 ways
    PCI devices:
      0000:02:00.0  Id: 10de:0ca3  Class: 0x0300  Numa: 0
      0000:00:19.0  Id: 8086:10cc  Class: 0x0200  Numa: 0
      0000:06:00.0  Id: 11ab:6121  Class: 0x0101  Numa: 0
      0000:00:1f.2  Id: 8086:3a20  Class: 0x0101  Numa: 0
      0000:00:1f.5  Id: 8086:3a26  Class: 0x0101  Numa: 0


++++ PLEASE READ AND CITE THE FOLLOWING REFERENCE ++++
M. J. Abraham, T. Murtola, R. Schulz, S. Páll, J. C. Smith, B. Hess, E.
Lindahl
GROMACS: High performance molecular simulations through multi-level
parallelism from laptops to supercomputers
SoftwareX 1 (2015) pp. 19-25
-------- -------- --- Thank You --- -------- --------


++++ PLEASE READ AND CITE THE FOLLOWING REFERENCE ++++
S. Páll, M. J. Abraham, C. Kutzner, B. Hess, E. Lindahl
Tackling Exascale Software Challenges in Molecular Dynamics Simulations with
GROMACS
In S. Markidis & E. Laure (Eds.), Solving Software Challenges for Exascale 8759 (2015) pp. 3-27
-------- -------- --- Thank You --- -------- --------


++++ PLEASE READ AND CITE THE FOLLOWING REFERENCE ++++
S. Pronk, S. Páll, R. Schulz, P. Larsson, P. Bjelkmar, R. Apostolov, M. R.
Shirts, J. C. Smith, P. M. Kasson, D. van der Spoel, B. Hess, and E. Lindahl
GROMACS 4.5: a high-throughput and highly parallel open source molecular
simulation toolkit
Bioinformatics 29 (2013) pp. 845-54
-------- -------- --- Thank You --- -------- --------


++++ PLEASE READ AND CITE THE FOLLOWING REFERENCE ++++
B. Hess and C. Kutzner and D. van der Spoel and E. Lindahl
GROMACS 4: Algorithms for highly efficient, load-balanced, and scalable
molecular simulation
J. Chem. Theory Comput. 4 (2008) pp. 435-447
-------- -------- --- Thank You --- -------- --------


++++ PLEASE READ AND CITE THE FOLLOWING REFERENCE ++++
D. van der Spoel, E. Lindahl, B. Hess, G. Groenhof, A. E. Mark and H. J. C.
Berendsen
GROMACS: Fast, Flexible and Free
J. Comp. Chem. 26 (2005) pp. 1701-1719
-------- -------- --- Thank You --- -------- --------


++++ PLEASE READ AND CITE THE FOLLOWING REFERENCE ++++
E. Lindahl and B. Hess and D. van der Spoel
GROMACS 3.0: A package for molecular simulation and trajectory analysis
J. Mol. Mod. 7 (2001) pp. 306-317
-------- -------- --- Thank You --- -------- --------


++++ PLEASE READ AND CITE THE FOLLOWING REFERENCE ++++
H. J. C. Berendsen, D. van der Spoel and R. van Drunen
GROMACS: A message-passing parallel molecular dynamics implementation
Comp. Phys. Comm. 91 (1995) pp. 43-56
-------- -------- --- Thank You --- -------- --------

Changing nstlist from 20 to 25, rlist from 1.106 to 1.139

Input Parameters:
   integrator                     = md
   tinit                          = 0
   dt                             = 0.025
   nsteps                         = 500000
   init-step                      = 0
   simulation-part                = 1
   comm-mode                      = Linear
   nstcomm                        = 100
   bd-fric                        = 0
   ld-seed                        = -1424808087
   emtol                          = 10
   emstep                         = 0.01
   niter                          = 20
   fcstep                         = 0
   nstcgsteep                     = 1000
   nbfgscorr                      = 10
   rtpi                           = 0.05
   nstxout                        = 0
   nstvout                        = 0
   nstfout                        = 0
   nstlog                         = 5000
   nstcalcenergy                  = 100
   nstenergy                      = 5000
   nstxout-compressed             = 5000
   compressed-x-precision         = 100
   cutoff-scheme                  = Verlet
   nstlist                        = 25
   ns-type                        = Grid
   pbc                            = xyz
   periodic-molecules             = false
   verlet-buffer-tolerance        = 0.05
   rlist                          = 1.139
   coulombtype                    = Reaction-Field
   coulomb-modifier               = Potential-shift
   rcoulomb-switch                = 0
   rcoulomb                       = 1.1
   epsilon-r                      = 15
   epsilon-rf                     = inf
   vdw-type                       = Cut-off
   vdw-modifier                   = Potential-shift
   rvdw-switch                    = 0
   rvdw                           = 1.1
   DispCorr                       = No
   table-extension                = 1
   fourierspacing                 = 0.12
   fourier-nx                     = 0
   fourier-ny                     = 0
   fourier-nz                     = 0
   pme-order                      = 4
   ewald-rtol                     = 1e-05
   ewald-rtol-lj                  = 0.001
   lj-pme-comb-rule               = Geometric
   ewald-geometry                 = 0
   epsilon-surface                = 0
   implicit-solvent               = No
   gb-algorithm                   = Still
   nstgbradii                     = 1
   rgbradii                       = 1
   gb-epsilon-solvent             = 80
   gb-saltconc                    = 0
   gb-obc-alpha                   = 1
   gb-obc-beta                    = 0.8
   gb-obc-gamma                   = 4.85
   gb-dielectric-offset           = 0.009
   sa-algorithm                   = Ace-approximation
   sa-surface-tension             = 2.05016
   tcoupl                         = V-rescale
   nsttcouple                     = 20
   nh-chain-length                = 0
   print-nose-hoover-chain-variables = false
   pcoupl                         = Berendsen
   pcoupltype                     = Isotropic
   nstpcouple                     = 20
   tau-p                          = 3
   compressibility (3x3):
      compressibility[    0]={ 3.00000e-04,  0.00000e+00,  0.00000e+00}
      compressibility[    1]={ 0.00000e+00,  3.00000e-04,  0.00000e+00}
      compressibility[    2]={ 0.00000e+00,  0.00000e+00,  3.00000e-04}
   ref-p (3x3):
      ref-p[    0]={ 1.00000e+00,  0.00000e+00,  0.00000e+00}
      ref-p[    1]={ 0.00000e+00,  1.00000e+00,  0.00000e+00}
      ref-p[    2]={ 0.00000e+00,  0.00000e+00,  1.00000e+00}
   refcoord-scaling               = No
   posres-com (3):
      posres-com[0]= 0.00000e+00
      posres-com[1]= 0.00000e+00
      posres-com[2]= 0.00000e+00
   posres-comB (3):
      posres-comB[0]= 0.00000e+00
      posres-comB[1]= 0.00000e+00
      posres-comB[2]= 0.00000e+00
   QMMM                           = false
   QMconstraints                  = 0
   QMMMscheme                     = 0
   MMChargeScaleFactor            = 1
qm-opts:
   ngQM                           = 0
   constraint-algorithm           = Lincs
   continuation                   = false
   Shake-SOR                      = false
   shake-tol                      = 0.0001
   lincs-order                    = 4
   lincs-iter                     = 1
   lincs-warnangle                = 30
   nwall                          = 0
   wall-type                      = 9-3
   wall-r-linpot                  = -1
   wall-atomtype[0]               = -1
   wall-atomtype[1]               = -1
   wall-density[0]                = 0
   wall-density[1]                = 0
   wall-ewald-zfac                = 3
   pull                           = false
   rotation                       = false
   interactiveMD                  = false
   disre                          = No
   disre-weighting                = Conservative
   disre-mixed                    = false
   dr-fc                          = 1000
   dr-tau                         = 0
   nstdisreout                    = 100
   orire-fc                       = 0
   orire-tau                      = 0
   nstorireout                    = 100
   free-energy                    = no
   cos-acceleration               = 0
   deform (3x3):
      deform[    0]={ 0.00000e+00,  0.00000e+00,  0.00000e+00}
      deform[    1]={ 0.00000e+00,  0.00000e+00,  0.00000e+00}
      deform[    2]={ 0.00000e+00,  0.00000e+00,  0.00000e+00}
   simulated-tempering            = false
   E-x:
      n = 0
   E-xt:
      n = 0
   E-y:
      n = 0
   E-yt:
      n = 0
   E-z:
      n = 0
   E-zt:
      n = 0
   swapcoords                     = no
   userint1                       = 0
   userint2                       = 0
   userint3                       = 0
   userint4                       = 0
   userreal1                      = 0
   userreal2                      = 0
   userreal3                      = 0
   userreal4                      = 0
grpopts:
   nrdf:     2699.33     9417.67
   ref-t:         303         303
   tau-t:           1           1
annealing:          No          No
annealing-npoints:           0           0
   acc:	           0           0           0
   nfreeze:           N           N           N
   energygrp-flags[  0]: 0

Using 1 MPI thread
Using 8 OpenMP threads 

Cut-off's:   NS: 1.139   Coulomb: 1.1   LJ: 1.1
Reaction-Field:
epsRF = 0, rc = 1.1, krf = 0.375657, crf = 1.36364, epsfac = 9.26236
The electrostatics potential has its minimum at r = 1.1
System total charge: 0.000
Potential shift: LJ r^-12: -3.186e-01 r^-6: -5.645e-01

Using SIMD 4x4 non-bonded kernels

Using full Lennard-Jones parameter combination matrix

Removing pbc first time
Pinning threads with an auto-selected logical core stride of 1

Initializing LINear Constraint Solver

++++ PLEASE READ AND CITE THE FOLLOWING REFERENCE ++++
B. Hess
P-LINCS: A Parallel Linear Constraint Solver for molecular simulation
J. Chem. Theory Comput. 4 (2008) pp. 116-122
-------- -------- --- Thank You --- -------- --------

The number of constraints is 600
600 constraints are involved in constraint triangles,
will apply an additional matrix expansion of order 4 for couplings
between constraints inside triangles
Setting the maximum number of constraint warnings to 2147483647
Intra-simulation communication will occur every 5 steps.
Center of mass motion removal mode is Linear
We have the following groups for center of mass motion removal:
  0:  rest

++++ PLEASE READ AND CITE THE FOLLOWING REFERENCE ++++
G. Bussi, D. Donadio and M. Parrinello
Canonical sampling through velocity rescaling
J. Chem. Phys. 126 (2007) pp. 014101
-------- -------- --- Thank You --- -------- --------

There are: 4240 Atoms

Constraining the starting coordinates (step 0)

Constraining the coordinates at t0-dt (step 0)
RMS relative constraint deviation after constraining: 1.06e-05
Initial temperature: 302.846 K

Started mdrun on rank 0 Tue Aug  1 18:30:03 2017
           Step           Time
              0        0.00000

   Energies (kJ/mol)
           Bond       G96Angle  Improper Dih.        LJ (SR)   Coulomb (SR)
    2.59213e+02    4.85342e+02    8.39455e+01   -1.21133e+05   -1.44578e+03
      Potential    Kinetic En.   Total Energy    Temperature Pressure (bar)
   -1.21750e+05    1.52553e+04   -1.06495e+05    3.02845e+02   -6.08762e+02
   Constr. rmsd
    1.05757e-05


Step 1  Warning: pressure scaling more than 1%, mu: 0.989837 0.989837 0.989837

Step 21  Warning: pressure scaling more than 1%, mu: 1.01089 1.01089 1.01089
           Step           Time
           5000      125.00000

   Energies (kJ/mol)
           Bond       G96Angle  Improper Dih.        LJ (SR)   Coulomb (SR)
    7.53964e+02    6.84261e+02    1.72376e+02   -1.11541e+05   -1.64468e+03
      Potential    Kinetic En.   Total Energy    Temperature Pressure (bar)
   -1.11575e+05    1.53931e+04   -9.61817e+04    3.05582e+02    2.75993e+00
   Constr. rmsd
    1.16560e-05

           Step           Time
          10000      250.00000

   Energies (kJ/mol)
           Bond       G96Angle  Improper Dih.        LJ (SR)   Coulomb (SR)
    8.14287e+02    6.38057e+02    1.42912e+02   -1.12443e+05   -1.64562e+03
      Potential    Kinetic En.   Total Energy    Temperature Pressure (bar)
   -1.12493e+05    1.54979e+04   -9.69951e+04    3.07661e+02    2.74519e+01
   Constr. rmsd
    8.74567e-06

           Step           Time
          15000      375.00000

   Energies (kJ/mol)
           Bond       G96Angle  Improper Dih.        LJ (SR)   Coulomb (SR)
    7.73999e+02    6.83097e+02    1.23502e+02   -1.12689e+05   -1.72198e+03
      Potential    Kinetic En.   Total Energy    Temperature Pressure (bar)
   -1.12830e+05    1.51416e+04   -9.76884e+04    3.00589e+02    2.26834e+01
   Constr. rmsd
    9.71460e-06

           Step           Time
          20000      500.00000

   Energies (kJ/mol)
           Bond       G96Angle  Improper Dih.        LJ (SR)   Coulomb (SR)
    8.42898e+02    6.56127e+02    1.37255e+02   -1.12048e+05   -1.76441e+03
      Potential    Kinetic En.   Total Energy    Temperature Pressure (bar)
   -1.12176e+05    1.52881e+04   -9.68876e+04    3.03497e+02    8.33009e+01
   Constr. rmsd
    1.18883e-05

           Step           Time
          25000      625.00000

   Energies (kJ/mol)
           Bond       G96Angle  Improper Dih.        LJ (SR)   Coulomb (SR)
    7.40686e+02    6.84744e+02    1.51349e+02   -1.13267e+05   -1.72661e+03
      Potential    Kinetic En.   Total Energy    Temperature Pressure (bar)
   -1.13416e+05    1.51068e+04   -9.83097e+04    2.99898e+02    6.31792e+01
   Constr. rmsd
    1.07948e-05

           Step           Time
          30000      750.00000

   Energies (kJ/mol)
           Bond       G96Angle  Improper Dih.        LJ (SR)   Coulomb (SR)
    8.49553e+02    7.04425e+02    1.21023e+02   -1.13267e+05   -1.73752e+03
      Potential    Kinetic En.   Total Energy    Temperature Pressure (bar)
   -1.13330e+05    1.52572e+04   -9.80724e+04    3.02884e+02   -1.34255e+01
   Constr. rmsd
    1.14748e-05

           Step           Time
          35000      875.00000

   Energies (kJ/mol)
           Bond       G96Angle  Improper Dih.        LJ (SR)   Coulomb (SR)
    8.16340e+02    6.30627e+02    1.58338e+02   -1.12947e+05   -1.78606e+03
      Potential    Kinetic En.   Total Energy    Temperature Pressure (bar)
   -1.13128e+05    1.50223e+04   -9.81054e+04    2.98221e+02    1.91102e+01
   Constr. rmsd
    8.56807e-06

           Step           Time
          40000     1000.00000

   Energies (kJ/mol)
           Bond       G96Angle  Improper Dih.        LJ (SR)   Coulomb (SR)
    8.43555e+02    6.16871e+02    1.31500e+02   -1.12563e+05   -1.79418e+03
      Potential    Kinetic En.   Total Energy    Temperature Pressure (bar)
   -1.12765e+05    1.53512e+04   -9.74139e+04    3.04749e+02   -7.77100e+01
   Constr. rmsd
    1.09226e-05

           Step           Time
          45000     1125.00000

   Energies (kJ/mol)
           Bond       G96Angle  Improper Dih.        LJ (SR)   Coulomb (SR)
    8.68577e+02    7.01055e+02    1.34004e+02   -1.13795e+05   -1.76652e+03
      Potential    Kinetic En.   Total Energy    Temperature Pressure (bar)
   -1.13858e+05    1.56263e+04   -9.82315e+04    3.10211e+02    5.36536e+01
   Constr. rmsd
    9.66371e-06

           Step           Time
          50000     1250.00000

   Energies (kJ/mol)
           Bond       G96Angle  Improper Dih.        LJ (SR)   Coulomb (SR)
    9.24710e+02    6.98503e+02    1.42374e+02   -1.13416e+05   -1.73495e+03
      Potential    Kinetic En.   Total Energy    Temperature Pressure (bar)
   -1.13385e+05    1.55038e+04   -9.78812e+04    3.07779e+02   -9.78402e+01
   Constr. rmsd
    1.04894e-05

           Step           Time
          55000     1375.00000

   Energies (kJ/mol)
           Bond       G96Angle  Improper Dih.        LJ (SR)   Coulomb (SR)
    8.88839e+02    7.47399e+02    1.34542e+02   -1.13816e+05   -1.71271e+03
      Potential    Kinetic En.   Total Energy    Temperature Pressure (bar)
   -1.13758e+05    1.52960e+04   -9.84619e+04    3.03654e+02   -2.50711e+01
   Constr. rmsd
    1.10680e-05

           Step           Time
          60000     1500.00000

   Energies (kJ/mol)
           Bond       G96Angle  Improper Dih.        LJ (SR)   Coulomb (SR)
    8.88400e+02    6.36680e+02    1.58043e+02   -1.13562e+05   -1.78285e+03
      Potential    Kinetic En.   Total Energy    Temperature Pressure (bar)
   -1.13662e+05    1.49791e+04   -9.86830e+04    2.97362e+02    4.87394e+01
   Constr. rmsd
    1.04849e-05

           Step           Time
          65000     1625.00000

   Energies (kJ/mol)
           Bond       G96Angle  Improper Dih.        LJ (SR)   Coulomb (SR)
    8.50606e+02    7.20875e+02    1.59428e+02   -1.13911e+05   -1.75261e+03
      Potential    Kinetic En.   Total Energy    Temperature Pressure (bar)
   -1.13932e+05    1.52816e+04   -9.86509e+04    3.03367e+02    5.76120e+01
   Constr. rmsd
    1.13137e-05

           Step           Time
          70000     1750.00000

   Energies (kJ/mol)
           Bond       G96Angle  Improper Dih.        LJ (SR)   Coulomb (SR)
    8.99967e+02    6.68853e+02    1.40095e+02   -1.14132e+05   -1.78150e+03
      Potential    Kinetic En.   Total Energy    Temperature Pressure (bar)
   -1.14204e+05    1.46496e+04   -9.95547e+04    2.90821e+02    8.58387e+01
   Constr. rmsd
    1.06876e-05

           Step           Time
          75000     1875.00000

   Energies (kJ/mol)
           Bond       G96Angle  Improper Dih.        LJ (SR)   Coulomb (SR)
    8.88840e+02    6.50960e+02    1.34021e+02   -1.14708e+05   -1.70844e+03
      Potential    Kinetic En.   Total Energy    Temperature Pressure (bar)
   -1.14743e+05    1.51051e+04   -9.96377e+04    2.99864e+02   -7.69328e+01
   Constr. rmsd
    9.68446e-06

           Step           Time
          80000     2000.00000

   Energies (kJ/mol)
           Bond       G96Angle  Improper Dih.        LJ (SR)   Coulomb (SR)
    7.94514e+02    7.51848e+02    1.30159e+02   -1.14637e+05   -1.73144e+03
      Potential    Kinetic En.   Total Energy    Temperature Pressure (bar)
   -1.14692e+05    1.51972e+04   -9.94949e+04    3.01693e+02   -1.05920e+02
   Constr. rmsd
    1.01236e-05

           Step           Time
          85000     2125.00000

   Energies (kJ/mol)
           Bond       G96Angle  Improper Dih.        LJ (SR)   Coulomb (SR)
    9.64548e+02    6.12896e+02    1.21894e+02   -1.14565e+05   -1.71741e+03
      Potential    Kinetic En.   Total Energy    Temperature Pressure (bar)
   -1.14584e+05    1.50755e+04   -9.95080e+04    2.99276e+02   -1.05887e+02
   Constr. rmsd
    8.70084e-06

           Step           Time
          90000     2250.00000

   Energies (kJ/mol)
           Bond       G96Angle  Improper Dih.        LJ (SR)   Coulomb (SR)
    8.99504e+02    6.73445e+02    1.22050e+02   -1.14304e+05   -1.72241e+03
      Potential    Kinetic En.   Total Energy    Temperature Pressure (bar)
   -1.14331e+05    1.51135e+04   -9.92180e+04    3.00030e+02   -1.65925e+01
   Constr. rmsd
    1.14692e-05

           Step           Time
          95000     2375.00000

   Energies (kJ/mol)
           Bond       G96Angle  Improper Dih.        LJ (SR)   Coulomb (SR)
    8.21476e+02    7.41325e+02    1.27841e+02   -1.14096e+05   -1.74523e+03
      Potential    Kinetic En.   Total Energy    Temperature Pressure (bar)
   -1.14151e+05    1.51545e+04   -9.89964e+04    3.00844e+02    6.72714e+01
   Constr. rmsd
    9.32045e-06

           Step           Time
         100000     2500.00000

   Energies (kJ/mol)
           Bond       G96Angle  Improper Dih.        LJ (SR)   Coulomb (SR)
    8.83659e+02    6.82153e+02    1.38254e+02   -1.14066e+05   -1.75761e+03
      Potential    Kinetic En.   Total Energy    Temperature Pressure (bar)
   -1.14120e+05    1.53419e+04   -9.87780e+04    3.04565e+02    8.39963e+00
   Constr. rmsd
    9.44312e-06

           Step           Time
         105000     2625.00000

   Energies (kJ/mol)
           Bond       G96Angle  Improper Dih.        LJ (SR)   Coulomb (SR)
    8.36189e+02    6.69232e+02    1.25584e+02   -1.13996e+05   -1.75875e+03
      Potential    Kinetic En.   Total Energy    Temperature Pressure (bar)
   -1.14124e+05    1.50879e+04   -9.90361e+04    2.99522e+02   -6.36496e+01
   Constr. rmsd
    1.17892e-05

           Step           Time
         110000     2750.00000

   Energies (kJ/mol)
           Bond       G96Angle  Improper Dih.        LJ (SR)   Coulomb (SR)
    7.88905e+02    6.92380e+02    1.35067e+02   -1.14376e+05   -1.74634e+03
      Potential    Kinetic En.   Total Energy    Temperature Pressure (bar)
   -1.14506e+05    1.51661e+04   -9.93402e+04    3.01075e+02   -2.04563e+01
   Constr. rmsd
    9.66438e-06

           Step           Time
         115000     2875.00000

   Energies (kJ/mol)
           Bond       G96Angle  Improper Dih.        LJ (SR)   Coulomb (SR)
    8.64352e+02    7.46201e+02    1.07127e+02   -1.14101e+05   -1.74177e+03
      Potential    Kinetic En.   Total Energy    Temperature Pressure (bar)
   -1.14125e+05    1.50036e+04   -9.91217e+04    2.97849e+02    5.85369e+01
   Constr. rmsd
    9.00476e-06

           Step           Time
         120000     3000.00000

   Energies (kJ/mol)
           Bond       G96Angle  Improper Dih.        LJ (SR)   Coulomb (SR)
    9.10548e+02    7.11401e+02    1.36748e+02   -1.14181e+05   -1.71484e+03
      Potential    Kinetic En.   Total Energy    Temperature Pressure (bar)
   -1.14137e+05    1.56173e+04   -9.85198e+04    3.10033e+02   -6.35736e+00
   Constr. rmsd
    8.79035e-06

           Step           Time
         125000     3125.00000

   Energies (kJ/mol)
           Bond       G96Angle  Improper Dih.        LJ (SR)   Coulomb (SR)
    9.57663e+02    7.62603e+02    1.31147e+02   -1.14554e+05   -1.70345e+03
      Potential    Kinetic En.   Total Energy    Temperature Pressure (bar)
   -1.14406e+05    1.52906e+04   -9.91152e+04    3.03547e+02   -6.34474e+01
   Constr. rmsd
    1.02045e-05

           Step           Time
         130000     3250.00000

   Energies (kJ/mol)
           Bond       G96Angle  Improper Dih.        LJ (SR)   Coulomb (SR)
    8.21682e+02    6.82121e+02    1.43784e+02   -1.14454e+05   -1.76265e+03
      Potential    Kinetic En.   Total Energy    Temperature Pressure (bar)
   -1.14569e+05    1.51577e+04   -9.94112e+04    3.00909e+02   -7.92595e+01
   Constr. rmsd
    1.01848e-05

           Step           Time
         135000     3375.00000

   Energies (kJ/mol)
           Bond       G96Angle  Improper Dih.        LJ (SR)   Coulomb (SR)
    9.69566e+02    6.57945e+02    1.44827e+02   -1.14427e+05   -1.76152e+03
      Potential    Kinetic En.   Total Energy    Temperature Pressure (bar)
   -1.14416e+05    1.50883e+04   -9.93282e+04    2.99531e+02   -3.45533e+00
   Constr. rmsd
    9.59962e-06

           Step           Time
         140000     3500.00000

   Energies (kJ/mol)
           Bond       G96Angle  Improper Dih.        LJ (SR)   Coulomb (SR)
    9.54278e+02    7.07876e+02    1.42925e+02   -1.14489e+05   -1.73800e+03
      Potential    Kinetic En.   Total Energy    Temperature Pressure (bar)
   -1.14422e+05    1.53362e+04   -9.90854e+04    3.04451e+02    1.41376e+02
   Constr. rmsd
    9.19673e-06

           Step           Time
         145000     3625.00000

   Energies (kJ/mol)
           Bond       G96Angle  Improper Dih.        LJ (SR)   Coulomb (SR)
    8.54056e+02    6.67243e+02    1.25484e+02   -1.14161e+05   -1.72008e+03
      Potential    Kinetic En.   Total Energy    Temperature Pressure (bar)
   -1.14234e+05    1.50292e+04   -9.92048e+04    2.98356e+02   -7.50015e+01
   Constr. rmsd
    1.31749e-05

           Step           Time
         150000     3750.00000

   Energies (kJ/mol)
           Bond       G96Angle  Improper Dih.        LJ (SR)   Coulomb (SR)
    9.48998e+02    6.60832e+02    1.17825e+02   -1.14597e+05   -1.74309e+03
      Potential    Kinetic En.   Total Energy    Temperature Pressure (bar)
   -1.14612e+05    1.50690e+04   -9.95430e+04    2.99148e+02   -3.12617e+01
   Constr. rmsd
    1.10006e-05

           Step           Time
         155000     3875.00000

   Energies (kJ/mol)
           Bond       G96Angle  Improper Dih.        LJ (SR)   Coulomb (SR)
    8.38483e+02    6.29498e+02    1.30332e+02   -1.15054e+05   -1.74717e+03
      Potential    Kinetic En.   Total Energy    Temperature Pressure (bar)
   -1.15203e+05    1.44485e+04   -1.00754e+05    2.86829e+02    4.19354e+01
   Constr. rmsd
    1.06160e-05

           Step           Time
         160000     4000.00000

   Energies (kJ/mol)
           Bond       G96Angle  Improper Dih.        LJ (SR)   Coulomb (SR)
    8.30152e+02    6.98656e+02    1.35007e+02   -1.14109e+05   -1.72163e+03
      Potential    Kinetic En.   Total Energy    Temperature Pressure (bar)
   -1.14167e+05    1.53612e+04   -9.88058e+04    3.04948e+02   -2.31315e+00
   Constr. rmsd
    1.10283e-05

           Step           Time
         165000     4125.00000

   Energies (kJ/mol)
           Bond       G96Angle  Improper Dih.        LJ (SR)   Coulomb (SR)
    8.61734e+02    7.04594e+02    1.29698e+02   -1.14472e+05   -1.67494e+03
      Potential    Kinetic En.   Total Energy    Temperature Pressure (bar)
   -1.14450e+05    1.52376e+04   -9.92128e+04    3.02495e+02    5.71465e+01
   Constr. rmsd
    1.06833e-05

           Step           Time
         170000     4250.00000

   Energies (kJ/mol)
           Bond       G96Angle  Improper Dih.        LJ (SR)   Coulomb (SR)
    8.93198e+02    7.21166e+02    1.31835e+02   -1.15018e+05   -1.73440e+03
      Potential    Kinetic En.   Total Energy    Temperature Pressure (bar)
   -1.15006e+05    1.52020e+04   -9.98044e+04    3.01787e+02    5.89161e+01
   Constr. rmsd
    9.43448e-06

           Step           Time
         175000     4375.00000

   Energies (kJ/mol)
           Bond       G96Angle  Improper Dih.        LJ (SR)   Coulomb (SR)
    8.56609e+02    7.37402e+02    1.13153e+02   -1.14723e+05   -1.72056e+03
      Potential    Kinetic En.   Total Energy    Temperature Pressure (bar)
   -1.14736e+05    1.52422e+04   -9.94943e+04    3.02585e+02    9.22552e+01
   Constr. rmsd
    1.08225e-05

           Step           Time
         180000     4500.00000

   Energies (kJ/mol)
           Bond       G96Angle  Improper Dih.        LJ (SR)   Coulomb (SR)
    9.43154e+02    6.94117e+02    1.33850e+02   -1.14785e+05   -1.75237e+03
      Potential    Kinetic En.   Total Energy    Temperature Pressure (bar)
   -1.14766e+05    1.48355e+04   -9.99309e+04    2.94511e+02   -3.14026e+01
   Constr. rmsd
    8.23504e-06

           Step           Time
         185000     4625.00000

   Energies (kJ/mol)
           Bond       G96Angle  Improper Dih.        LJ (SR)   Coulomb (SR)
    9.24458e+02    7.50441e+02    1.31738e+02   -1.14365e+05   -1.74138e+03
      Potential    Kinetic En.   Total Energy    Temperature Pressure (bar)
   -1.14299e+05    1.53006e+04   -9.89988e+04    3.03744e+02   -3.10312e+01
   Constr. rmsd
    1.09761e-05

           Step           Time
         190000     4750.00000

   Energies (kJ/mol)
           Bond       G96Angle  Improper Dih.        LJ (SR)   Coulomb (SR)
    8.02528e+02    6.64224e+02    1.31038e+02   -1.14741e+05   -1.71654e+03
      Potential    Kinetic En.   Total Energy    Temperature Pressure (bar)
   -1.14859e+05    1.51729e+04   -9.96864e+04    3.01211e+02    1.79001e+00
   Constr. rmsd
    1.02703e-05

           Step           Time
         195000     4875.00000

   Energies (kJ/mol)
           Bond       G96Angle  Improper Dih.        LJ (SR)   Coulomb (SR)
    9.01342e+02    7.46223e+02    1.42717e+02   -1.14906e+05   -1.75363e+03
      Potential    Kinetic En.   Total Energy    Temperature Pressure (bar)
   -1.14869e+05    1.44836e+04   -1.00386e+05    2.87525e+02   -1.55216e+02
   Constr. rmsd
    1.04704e-05

           Step           Time
         200000     5000.00000

   Energies (kJ/mol)
           Bond       G96Angle  Improper Dih.        LJ (SR)   Coulomb (SR)
    9.44846e+02    6.64795e+02    1.21375e+02   -1.15354e+05   -1.83067e+03
      Potential    Kinetic En.   Total Energy    Temperature Pressure (bar)
   -1.15454e+05    1.50982e+04   -1.00355e+05    2.99727e+02    8.51831e+00
   Constr. rmsd
    9.09809e-06

           Step           Time
         205000     5125.00000

   Energies (kJ/mol)
           Bond       G96Angle  Improper Dih.        LJ (SR)   Coulomb (SR)
    8.38653e+02    7.20004e+02    1.11945e+02   -1.14754e+05   -1.77150e+03
      Potential    Kinetic En.   Total Energy    Temperature Pressure (bar)
   -1.14855e+05    1.49316e+04   -9.99230e+04    2.96419e+02    4.60906e+01
   Constr. rmsd
    1.44512e-05

           Step           Time
         210000     5250.00000

   Energies (kJ/mol)
           Bond       G96Angle  Improper Dih.        LJ (SR)   Coulomb (SR)
    8.29836e+02    6.86269e+02    1.36796e+02   -1.14153e+05   -1.79553e+03
      Potential    Kinetic En.   Total Energy    Temperature Pressure (bar)
   -1.14296e+05    1.53308e+04   -9.89649e+04    3.04345e+02   -2.42725e+01
   Constr. rmsd
    1.11091e-05

           Step           Time
         215000     5375.00000

   Energies (kJ/mol)
           Bond       G96Angle  Improper Dih.        LJ (SR)   Coulomb (SR)
    8.70811e+02    6.58521e+02    1.68777e+02   -1.14865e+05   -1.75937e+03
      Potential    Kinetic En.   Total Energy    Temperature Pressure (bar)
   -1.14927e+05    1.53398e+04   -9.95869e+04    3.04523e+02    2.61741e+01
   Constr. rmsd
    1.22342e-05

           Step           Time
         220000     5500.00000

   Energies (kJ/mol)
           Bond       G96Angle  Improper Dih.        LJ (SR)   Coulomb (SR)
    9.84101e+02    7.68872e+02    1.70452e+02   -1.15159e+05   -1.74790e+03
      Potential    Kinetic En.   Total Energy    Temperature Pressure (bar)
   -1.14984e+05    1.53101e+04   -9.96734e+04    3.03935e+02    1.17534e+02
   Constr. rmsd
    1.17015e-05

           Step           Time
         225000     5625.00000

   Energies (kJ/mol)
           Bond       G96Angle  Improper Dih.        LJ (SR)   Coulomb (SR)
    9.58624e+02    6.63096e+02    1.44309e+02   -1.14534e+05   -1.75244e+03
      Potential    Kinetic En.   Total Energy    Temperature Pressure (bar)
   -1.14521e+05    1.53276e+04   -9.91931e+04    3.04280e+02   -5.25358e+01
   Constr. rmsd
    9.79291e-06

           Step           Time
         230000     5750.00000

   Energies (kJ/mol)
           Bond       G96Angle  Improper Dih.        LJ (SR)   Coulomb (SR)
    9.42105e+02    7.89459e+02    1.29986e+02   -1.14920e+05   -1.80512e+03
      Potential    Kinetic En.   Total Energy    Temperature Pressure (bar)
   -1.14863e+05    1.48218e+04   -1.00041e+05    2.94240e+02    3.22990e+01
   Constr. rmsd
    1.01843e-05

           Step           Time
         235000     5875.00000

   Energies (kJ/mol)
           Bond       G96Angle  Improper Dih.        LJ (SR)   Coulomb (SR)
    9.58608e+02    6.78272e+02    1.20517e+02   -1.14841e+05   -1.82899e+03
      Potential    Kinetic En.   Total Energy    Temperature Pressure (bar)
   -1.14912e+05    1.54691e+04   -9.94432e+04    3.07090e+02    3.23474e+01
   Constr. rmsd
    1.27547e-05

           Step           Time
         240000     6000.00000

   Energies (kJ/mol)
           Bond       G96Angle  Improper Dih.        LJ (SR)   Coulomb (SR)
    9.43856e+02    6.99417e+02    1.34832e+02   -1.14958e+05   -1.72471e+03
      Potential    Kinetic En.   Total Energy    Temperature Pressure (bar)
   -1.14905e+05    1.51836e+04   -9.97215e+04    3.01422e+02   -6.99737e+01
   Constr. rmsd
    1.15785e-05

           Step           Time
         245000     6125.00000

   Energies (kJ/mol)
           Bond       G96Angle  Improper Dih.        LJ (SR)   Coulomb (SR)
    9.34049e+02    7.51324e+02    1.22036e+02   -1.14546e+05   -1.78081e+03
      Potential    Kinetic En.   Total Energy    Temperature Pressure (bar)
   -1.14520e+05    1.53649e+04   -9.91549e+04    3.05022e+02    3.18359e+00
   Constr. rmsd
    9.78487e-06

           Step           Time
         250000     6250.00000

   Energies (kJ/mol)
           Bond       G96Angle  Improper Dih.        LJ (SR)   Coulomb (SR)
    8.76033e+02    6.59571e+02    1.25754e+02   -1.15025e+05   -1.79497e+03
      Potential    Kinetic En.   Total Energy    Temperature Pressure (bar)
   -1.15159e+05    1.49531e+04   -1.00206e+05    2.96846e+02   -4.78193e+01
   Constr. rmsd
    1.24697e-05

           Step           Time
         255000     6375.00000

   Energies (kJ/mol)
           Bond       G96Angle  Improper Dih.        LJ (SR)   Coulomb (SR)
    9.50112e+02    6.97262e+02    1.31129e+02   -1.15005e+05   -1.72968e+03
      Potential    Kinetic En.   Total Energy    Temperature Pressure (bar)
   -1.14957e+05    1.52676e+04   -9.96890e+04    3.03089e+02    1.34478e+02
   Constr. rmsd
    1.23926e-05

           Step           Time
         260000     6500.00000

   Energies (kJ/mol)
           Bond       G96Angle  Improper Dih.        LJ (SR)   Coulomb (SR)
    1.02297e+03    6.96900e+02    1.46377e+02   -1.14407e+05   -1.75649e+03
      Potential    Kinetic En.   Total Energy    Temperature Pressure (bar)
   -1.14298e+05    1.55551e+04   -9.87425e+04    3.08798e+02    3.52783e+01
   Constr. rmsd
    1.14234e-05

           Step           Time
         265000     6625.00000

   Energies (kJ/mol)
           Bond       G96Angle  Improper Dih.        LJ (SR)   Coulomb (SR)
    8.41852e+02    6.85708e+02    1.30739e+02   -1.15427e+05   -1.76572e+03
      Potential    Kinetic En.   Total Energy    Temperature Pressure (bar)
   -1.15534e+05    1.49476e+04   -1.00586e+05    2.96737e+02   -4.79857e+01
   Constr. rmsd
    7.83065e-06

           Step           Time
         270000     6750.00000

   Energies (kJ/mol)
           Bond       G96Angle  Improper Dih.        LJ (SR)   Coulomb (SR)
    9.39325e+02    6.42183e+02    1.16543e+02   -1.15544e+05   -1.71871e+03
      Potential    Kinetic En.   Total Energy    Temperature Pressure (bar)
   -1.15565e+05    1.49212e+04   -1.00644e+05    2.96214e+02    6.02095e+01
   Constr. rmsd
    1.11995e-05

           Step           Time
         275000     6875.00000

   Energies (kJ/mol)
           Bond       G96Angle  Improper Dih.        LJ (SR)   Coulomb (SR)
    9.27735e+02    6.55393e+02    1.30050e+02   -1.15079e+05   -1.76487e+03
      Potential    Kinetic En.   Total Energy    Temperature Pressure (bar)
   -1.15130e+05    1.51582e+04   -9.99722e+04    3.00918e+02    3.40766e+01
   Constr. rmsd
    1.09267e-05

           Step           Time
         280000     7000.00000

   Energies (kJ/mol)
           Bond       G96Angle  Improper Dih.        LJ (SR)   Coulomb (SR)
    8.74506e+02    6.69395e+02    1.40168e+02   -1.15066e+05   -1.74688e+03
      Potential    Kinetic En.   Total Energy    Temperature Pressure (bar)
   -1.15129e+05    1.53476e+04   -9.97809e+04    3.04679e+02    3.27770e+01
   Constr. rmsd
    1.21507e-05

           Step           Time
         285000     7125.00000

   Energies (kJ/mol)
           Bond       G96Angle  Improper Dih.        LJ (SR)   Coulomb (SR)
    9.79456e+02    7.42235e+02    1.66842e+02   -1.14995e+05   -1.76333e+03
      Potential    Kinetic En.   Total Energy    Temperature Pressure (bar)
   -1.14870e+05    1.54385e+04   -9.94311e+04    3.06483e+02    4.26570e+01
   Constr. rmsd
    1.24936e-05

           Step           Time
         290000     7250.00000

   Energies (kJ/mol)
           Bond       G96Angle  Improper Dih.        LJ (SR)   Coulomb (SR)
    8.92752e+02    7.29177e+02    1.23097e+02   -1.14456e+05   -1.76598e+03
      Potential    Kinetic En.   Total Energy    Temperature Pressure (bar)
   -1.14477e+05    1.52862e+04   -9.91906e+04    3.03459e+02   -3.50774e+01
   Constr. rmsd
    1.09549e-05

           Step           Time
         295000     7375.00000

   Energies (kJ/mol)
           Bond       G96Angle  Improper Dih.        LJ (SR)   Coulomb (SR)
    8.54968e+02    7.08902e+02    1.32725e+02   -1.15050e+05   -1.77596e+03
      Potential    Kinetic En.   Total Energy    Temperature Pressure (bar)
   -1.15129e+05    1.54274e+04   -9.97019e+04    3.06263e+02    6.30740e+01
   Constr. rmsd
    9.79716e-06

           Step           Time
         300000     7500.00000

   Energies (kJ/mol)
           Bond       G96Angle  Improper Dih.        LJ (SR)   Coulomb (SR)
    9.85064e+02    7.00697e+02    1.52216e+02   -1.14556e+05   -1.80484e+03
      Potential    Kinetic En.   Total Energy    Temperature Pressure (bar)
   -1.14523e+05    1.54934e+04   -9.90297e+04    3.07573e+02    6.10075e+01
   Constr. rmsd
    1.04810e-05

           Step           Time
         305000     7625.00000

   Energies (kJ/mol)
           Bond       G96Angle  Improper Dih.        LJ (SR)   Coulomb (SR)
    8.67024e+02    6.78794e+02    1.11818e+02   -1.14462e+05   -1.79216e+03
      Potential    Kinetic En.   Total Energy    Temperature Pressure (bar)
   -1.14597e+05    1.50751e+04   -9.95214e+04    2.99269e+02    1.91016e+01
   Constr. rmsd
    1.27397e-05

           Step           Time
         310000     7750.00000

   Energies (kJ/mol)
           Bond       G96Angle  Improper Dih.        LJ (SR)   Coulomb (SR)
    8.58895e+02    6.83446e+02    1.26849e+02   -1.15253e+05   -1.84750e+03
      Potential    Kinetic En.   Total Energy    Temperature Pressure (bar)
   -1.15431e+05    1.50826e+04   -1.00349e+05    2.99417e+02   -4.08655e+01
   Constr. rmsd
    9.21336e-06

           Step           Time
         315000     7875.00000

   Energies (kJ/mol)
           Bond       G96Angle  Improper Dih.        LJ (SR)   Coulomb (SR)
    9.32421e+02    6.92611e+02    1.14786e+02   -1.14844e+05   -1.81310e+03
      Potential    Kinetic En.   Total Energy    Temperature Pressure (bar)
   -1.14917e+05    1.55378e+04   -9.93790e+04    3.08454e+02    2.66686e+01
   Constr. rmsd
    8.87733e-06

           Step           Time
         320000     8000.00000

   Energies (kJ/mol)
           Bond       G96Angle  Improper Dih.        LJ (SR)   Coulomb (SR)
    9.50688e+02    7.18235e+02    1.40809e+02   -1.15218e+05   -1.79517e+03
      Potential    Kinetic En.   Total Energy    Temperature Pressure (bar)
   -1.15203e+05    1.51510e+04   -1.00052e+05    3.00774e+02   -5.41522e+01
   Constr. rmsd
    1.03116e-05

           Step           Time
         325000     8125.00000

   Energies (kJ/mol)
           Bond       G96Angle  Improper Dih.        LJ (SR)   Coulomb (SR)
    9.35673e+02    6.50498e+02    1.37918e+02   -1.14485e+05   -1.75696e+03
      Potential    Kinetic En.   Total Energy    Temperature Pressure (bar)
   -1.14518e+05    1.54840e+04   -9.90340e+04    3.07386e+02    1.65986e+01
   Constr. rmsd
    1.02244e-05

           Step           Time
         330000     8250.00000

   Energies (kJ/mol)
           Bond       G96Angle  Improper Dih.        LJ (SR)   Coulomb (SR)
    8.33380e+02    6.67086e+02    1.26391e+02   -1.14833e+05   -1.81090e+03
      Potential    Kinetic En.   Total Energy    Temperature Pressure (bar)
   -1.15017e+05    1.53881e+04   -9.96286e+04    3.05482e+02    6.81163e+00
   Constr. rmsd
    1.13770e-05

           Step           Time
         335000     8375.00000

   Energies (kJ/mol)
           Bond       G96Angle  Improper Dih.        LJ (SR)   Coulomb (SR)
    8.98063e+02    7.36824e+02    1.55958e+02   -1.14977e+05   -1.73183e+03
      Potential    Kinetic En.   Total Energy    Temperature Pressure (bar)
   -1.14918e+05    1.52288e+04   -9.96889e+04    3.02320e+02   -1.48800e+01
   Constr. rmsd
    9.94334e-06

           Step           Time
         340000     8500.00000

   Energies (kJ/mol)
           Bond       G96Angle  Improper Dih.        LJ (SR)   Coulomb (SR)
    9.22274e+02    6.65426e+02    1.11450e+02   -1.14437e+05   -1.75022e+03
      Potential    Kinetic En.   Total Energy    Temperature Pressure (bar)
   -1.14489e+05    1.50442e+04   -9.94443e+04    2.98655e+02    2.68174e+01
   Constr. rmsd
    1.17902e-05

           Step           Time
         345000     8625.00000

   Energies (kJ/mol)
           Bond       G96Angle  Improper Dih.        LJ (SR)   Coulomb (SR)
    8.99369e+02    6.87261e+02    1.33617e+02   -1.15425e+05   -1.80682e+03
      Potential    Kinetic En.   Total Energy    Temperature Pressure (bar)
   -1.15511e+05    1.51390e+04   -1.00372e+05    3.00536e+02   -1.10862e+02
   Constr. rmsd
    1.09061e-05

           Step           Time
         350000     8750.00000

   Energies (kJ/mol)
           Bond       G96Angle  Improper Dih.        LJ (SR)   Coulomb (SR)
    9.38311e+02    6.80026e+02    1.44349e+02   -1.14541e+05   -1.81771e+03
      Potential    Kinetic En.   Total Energy    Temperature Pressure (bar)
   -1.14596e+05    1.54279e+04   -9.91682e+04    3.06272e+02    3.32197e+01
   Constr. rmsd
    1.06555e-05

           Step           Time
         355000     8875.00000

   Energies (kJ/mol)
           Bond       G96Angle  Improper Dih.        LJ (SR)   Coulomb (SR)
    8.42916e+02    6.86934e+02    1.18650e+02   -1.15051e+05   -1.85566e+03
      Potential    Kinetic En.   Total Energy    Temperature Pressure (bar)
   -1.15258e+05    1.51821e+04   -1.00076e+05    3.01393e+02    7.07742e+01
   Constr. rmsd
    9.71026e-06

           Step           Time
         360000     9000.00000

   Energies (kJ/mol)
           Bond       G96Angle  Improper Dih.        LJ (SR)   Coulomb (SR)
    8.70721e+02    6.62310e+02    1.29867e+02   -1.14761e+05   -1.79063e+03
      Potential    Kinetic En.   Total Energy    Temperature Pressure (bar)
   -1.14888e+05    1.52392e+04   -9.96492e+04    3.02525e+02    5.52085e+01
   Constr. rmsd
    9.36110e-06

           Step           Time
         365000     9125.00000

   Energies (kJ/mol)
           Bond       G96Angle  Improper Dih.        LJ (SR)   Coulomb (SR)
    9.31751e+02    6.80620e+02    1.37015e+02   -1.15628e+05   -1.81048e+03
      Potential    Kinetic En.   Total Energy    Temperature Pressure (bar)
   -1.15690e+05    1.46762e+04   -1.01013e+05    2.91350e+02   -2.73451e+01
   Constr. rmsd
    1.37998e-05

           Step           Time
         370000     9250.00000

   Energies (kJ/mol)
           Bond       G96Angle  Improper Dih.        LJ (SR)   Coulomb (SR)
    8.89374e+02    6.22987e+02    1.28274e+02   -1.15369e+05   -1.79345e+03
      Potential    Kinetic En.   Total Energy    Temperature Pressure (bar)
   -1.15522e+05    1.52809e+04   -1.00241e+05    3.03353e+02    1.25811e+01
   Constr. rmsd
    1.11459e-05

           Step           Time
         375000     9375.00000

   Energies (kJ/mol)
           Bond       G96Angle  Improper Dih.        LJ (SR)   Coulomb (SR)
    9.07692e+02    6.75423e+02    1.28828e+02   -1.15280e+05   -1.77321e+03
      Potential    Kinetic En.   Total Energy    Temperature Pressure (bar)
   -1.15341e+05    1.51918e+04   -1.00149e+05    3.01586e+02    1.56408e+01
   Constr. rmsd
    1.08332e-05

           Step           Time
         380000     9500.00000

   Energies (kJ/mol)
           Bond       G96Angle  Improper Dih.        LJ (SR)   Coulomb (SR)
    9.37949e+02    7.16987e+02    1.44054e+02   -1.15220e+05   -1.77760e+03
      Potential    Kinetic En.   Total Energy    Temperature Pressure (bar)
   -1.15199e+05    1.51591e+04   -1.00040e+05    3.00936e+02   -3.60852e+01
   Constr. rmsd
    1.13210e-05

           Step           Time
         385000     9625.00000

   Energies (kJ/mol)
           Bond       G96Angle  Improper Dih.        LJ (SR)   Coulomb (SR)
    9.79843e+02    7.06926e+02    1.61398e+02   -1.14792e+05   -1.76873e+03
      Potential    Kinetic En.   Total Energy    Temperature Pressure (bar)
   -1.14712e+05    1.56096e+04   -9.91028e+04    3.09879e+02   -5.62688e-01
   Constr. rmsd
    1.07540e-05

           Step           Time
         390000     9750.00000

   Energies (kJ/mol)
           Bond       G96Angle  Improper Dih.        LJ (SR)   Coulomb (SR)
    8.63016e+02    7.43369e+02    1.39830e+02   -1.15145e+05   -1.81222e+03
      Potential    Kinetic En.   Total Energy    Temperature Pressure (bar)
   -1.15211e+05    1.50576e+04   -1.00153e+05    2.98922e+02   -6.19026e+01
   Constr. rmsd
    1.00319e-05

           Step           Time
         395000     9875.00000

   Energies (kJ/mol)
           Bond       G96Angle  Improper Dih.        LJ (SR)   Coulomb (SR)
    9.64943e+02    7.04204e+02    1.24710e+02   -1.15268e+05   -1.76858e+03
      Potential    Kinetic En.   Total Energy    Temperature Pressure (bar)
   -1.15243e+05    1.52409e+04   -1.00002e+05    3.02560e+02    1.79680e+01
   Constr. rmsd
    1.03620e-05

           Step           Time
         400000    10000.00000

   Energies (kJ/mol)
           Bond       G96Angle  Improper Dih.        LJ (SR)   Coulomb (SR)
    8.81109e+02    7.76053e+02    1.32024e+02   -1.14834e+05   -1.81348e+03
      Potential    Kinetic En.   Total Energy    Temperature Pressure (bar)
   -1.14858e+05    1.54306e+04   -9.94276e+04    3.06325e+02   -1.79970e+01
   Constr. rmsd
    1.16293e-05

           Step           Time
         405000    10125.00000

   Energies (kJ/mol)
           Bond       G96Angle  Improper Dih.        LJ (SR)   Coulomb (SR)
    8.70023e+02    7.14090e+02    1.42611e+02   -1.14813e+05   -1.80676e+03
      Potential    Kinetic En.   Total Energy    Temperature Pressure (bar)
   -1.14893e+05    1.53222e+04   -9.95706e+04    3.04174e+02   -4.43403e+01
   Constr. rmsd
    1.03542e-05

           Step           Time
         410000    10250.00000

   Energies (kJ/mol)
           Bond       G96Angle  Improper Dih.        LJ (SR)   Coulomb (SR)
    8.52400e+02    7.19291e+02    1.48725e+02   -1.14915e+05   -1.78681e+03
      Potential    Kinetic En.   Total Energy    Temperature Pressure (bar)
   -1.14982e+05    1.50711e+04   -9.99106e+04    2.99189e+02    1.23368e+01
   Constr. rmsd
    1.04650e-05

           Step           Time
         415000    10375.00000

   Energies (kJ/mol)
           Bond       G96Angle  Improper Dih.        LJ (SR)   Coulomb (SR)
    8.55658e+02    6.49533e+02    1.38274e+02   -1.14870e+05   -1.81557e+03
      Potential    Kinetic En.   Total Energy    Temperature Pressure (bar)
   -1.15042e+05    1.52035e+04   -9.98382e+04    3.01817e+02    5.33753e+01
   Constr. rmsd
    7.69290e-06

           Step           Time
         420000    10500.00000

   Energies (kJ/mol)
           Bond       G96Angle  Improper Dih.        LJ (SR)   Coulomb (SR)
    7.84573e+02    6.20982e+02    1.34590e+02   -1.14828e+05   -1.80224e+03
      Potential    Kinetic En.   Total Energy    Temperature Pressure (bar)
   -1.15090e+05    1.53403e+04   -9.97501e+04    3.04534e+02   -1.56458e+01
   Constr. rmsd
    1.01965e-05

           Step           Time
         425000    10625.00000

   Energies (kJ/mol)
           Bond       G96Angle  Improper Dih.        LJ (SR)   Coulomb (SR)
    9.97394e+02    7.40597e+02    1.36157e+02   -1.14678e+05   -1.81912e+03
      Potential    Kinetic En.   Total Energy    Temperature Pressure (bar)
   -1.14623e+05    1.53173e+04   -9.93056e+04    3.04076e+02   -1.15387e+01
   Constr. rmsd
    8.58968e-06

           Step           Time
         430000    10750.00000

   Energies (kJ/mol)
           Bond       G96Angle  Improper Dih.        LJ (SR)   Coulomb (SR)
    8.62698e+02    7.06666e+02    1.38112e+02   -1.14369e+05   -1.81163e+03
      Potential    Kinetic En.   Total Energy    Temperature Pressure (bar)
   -1.14474e+05    1.48481e+04   -9.96255e+04    2.94763e+02   -3.75998e+01
   Constr. rmsd
    9.04661e-06

           Step           Time
         435000    10875.00000

   Energies (kJ/mol)
           Bond       G96Angle  Improper Dih.        LJ (SR)   Coulomb (SR)
    8.64316e+02    6.72208e+02    1.20006e+02   -1.15256e+05   -1.82018e+03
      Potential    Kinetic En.   Total Energy    Temperature Pressure (bar)
   -1.15420e+05    1.51564e+04   -1.00263e+05    3.00883e+02    4.17695e+00
   Constr. rmsd
    1.21257e-05

           Step           Time
         440000    11000.00000

   Energies (kJ/mol)
           Bond       G96Angle  Improper Dih.        LJ (SR)   Coulomb (SR)
    9.33326e+02    6.96003e+02    1.34084e+02   -1.14887e+05   -1.77761e+03
      Potential    Kinetic En.   Total Energy    Temperature Pressure (bar)
   -1.14901e+05    1.51106e+04   -9.97908e+04    2.99974e+02    5.97697e+01
   Constr. rmsd
    1.15009e-05

           Step           Time
         445000    11125.00000

   Energies (kJ/mol)
           Bond       G96Angle  Improper Dih.        LJ (SR)   Coulomb (SR)
    9.58988e+02    7.66417e+02    1.28720e+02   -1.14969e+05   -1.84317e+03
      Potential    Kinetic En.   Total Energy    Temperature Pressure (bar)
   -1.14958e+05    1.49652e+04   -9.99925e+04    2.97087e+02   -5.84482e+01
   Constr. rmsd
    1.05948e-05

           Step           Time
         450000    11250.00000

   Energies (kJ/mol)
           Bond       G96Angle  Improper Dih.        LJ (SR)   Coulomb (SR)
    9.39253e+02    7.32137e+02    1.22242e+02   -1.15158e+05   -1.80206e+03
      Potential    Kinetic En.   Total Energy    Temperature Pressure (bar)
   -1.15167e+05    1.50326e+04   -1.00134e+05    2.98425e+02    3.69380e+01
   Constr. rmsd
    1.13923e-05

           Step           Time
         455000    11375.00000

   Energies (kJ/mol)
           Bond       G96Angle  Improper Dih.        LJ (SR)   Coulomb (SR)
    9.53103e+02    7.40388e+02    1.00699e+02   -1.13931e+05   -1.74958e+03
      Potential    Kinetic En.   Total Energy    Temperature Pressure (bar)
   -1.13886e+05    1.55326e+04   -9.83534e+04    3.08350e+02    1.89267e+01
   Constr. rmsd
    1.22996e-05

           Step           Time
         460000    11500.00000

   Energies (kJ/mol)
           Bond       G96Angle  Improper Dih.        LJ (SR)   Coulomb (SR)
    8.81081e+02    6.35887e+02    1.13813e+02   -1.14552e+05   -1.82483e+03
      Potential    Kinetic En.   Total Energy    Temperature Pressure (bar)
   -1.14746e+05    1.50141e+04   -9.97322e+04    2.98057e+02   -4.00238e+01
   Constr. rmsd
    9.54587e-06

           Step           Time
         465000    11625.00000

   Energies (kJ/mol)
           Bond       G96Angle  Improper Dih.        LJ (SR)   Coulomb (SR)
    9.52872e+02    6.74306e+02    1.16195e+02   -1.15878e+05   -1.85023e+03
      Potential    Kinetic En.   Total Energy    Temperature Pressure (bar)
   -1.15984e+05    1.53643e+04   -1.00620e+05    3.05009e+02    7.38408e+00
   Constr. rmsd
    1.10639e-05

           Step           Time
         470000    11750.00000

   Energies (kJ/mol)
           Bond       G96Angle  Improper Dih.        LJ (SR)   Coulomb (SR)
    8.87887e+02    7.02709e+02    1.36615e+02   -1.14881e+05   -1.84656e+03
      Potential    Kinetic En.   Total Energy    Temperature Pressure (bar)
   -1.15001e+05    1.50953e+04   -9.99055e+04    2.99670e+02   -1.20797e+01
   Constr. rmsd
    1.17036e-05

           Step           Time
         475000    11875.00000

   Energies (kJ/mol)
           Bond       G96Angle  Improper Dih.        LJ (SR)   Coulomb (SR)
    9.87551e+02    6.67414e+02    1.34442e+02   -1.14916e+05   -1.84488e+03
      Potential    Kinetic En.   Total Energy    Temperature Pressure (bar)
   -1.14972e+05    1.52568e+04   -9.97152e+04    3.02875e+02   -9.20014e-01
   Constr. rmsd
    8.59739e-06

           Step           Time
         480000    12000.00000

   Energies (kJ/mol)
           Bond       G96Angle  Improper Dih.        LJ (SR)   Coulomb (SR)
    8.95106e+02    7.84806e+02    1.30094e+02   -1.15156e+05   -1.81912e+03
      Potential    Kinetic En.   Total Energy    Temperature Pressure (bar)
   -1.15166e+05    1.51504e+04   -1.00015e+05    3.00763e+02    4.95797e+01
   Constr. rmsd
    1.20875e-05

           Step           Time
         485000    12125.00000

   Energies (kJ/mol)
           Bond       G96Angle  Improper Dih.        LJ (SR)   Coulomb (SR)
    9.49465e+02    7.57241e+02    1.14298e+02   -1.15133e+05   -1.82230e+03
      Potential    Kinetic En.   Total Energy    Temperature Pressure (bar)
   -1.15134e+05    1.51321e+04   -1.00002e+05    3.00400e+02   -2.35023e+01
   Constr. rmsd
    9.54604e-06

           Step           Time
         490000    12250.00000

   Energies (kJ/mol)
           Bond       G96Angle  Improper Dih.        LJ (SR)   Coulomb (SR)
    9.23752e+02    7.10639e+02    1.22102e+02   -1.15116e+05   -1.78623e+03
      Potential    Kinetic En.   Total Energy    Temperature Pressure (bar)
   -1.15146e+05    1.54714e+04   -9.96746e+04    3.07136e+02   -2.87290e+01
   Constr. rmsd
    9.36439e-06

           Step           Time
         495000    12375.00000

   Energies (kJ/mol)
           Bond       G96Angle  Improper Dih.        LJ (SR)   Coulomb (SR)
    9.44650e+02    7.70435e+02    1.37099e+02   -1.15063e+05   -1.76064e+03
      Potential    Kinetic En.   Total Energy    Temperature Pressure (bar)
   -1.14972e+05    1.54937e+04   -9.94781e+04    3.07579e+02   -6.26871e+01
   Constr. rmsd
    9.48285e-06

           Step           Time
         500000    12500.00000

Writing checkpoint, step 500000 at Tue Aug  1 18:34:03 2017


   Energies (kJ/mol)
           Bond       G96Angle  Improper Dih.        LJ (SR)   Coulomb (SR)
    9.36331e+02    7.58492e+02    1.53200e+02   -1.15070e+05   -1.79773e+03
      Potential    Kinetic En.   Total Energy    Temperature Pressure (bar)
   -1.15019e+05    1.50822e+04   -9.99372e+04    2.99410e+02   -2.78532e-01
   Constr. rmsd
    1.05936e-05

	<======  ###############  ==>
	<====  A V E R A G E S  ====>
	<==  ###############  ======>

	Statistics over 500001 steps using 5001 frames

   Energies (kJ/mol)
           Bond       G96Angle  Improper Dih.        LJ (SR)   Coulomb (SR)
    9.02070e+02    6.96506e+02    1.31025e+02   -1.14563e+05   -1.76724e+03
      Potential    Kinetic En.   Total Energy    Temperature Pressure (bar)
   -1.14600e+05    1.52064e+04   -9.93939e+04    3.01876e+02   -1.44229e-02
   Constr. rmsd
    0.00000e+00

          Box-X          Box-Y          Box-Z
    7.64166e+00    7.64166e+00    7.64166e+00

   Total Virial (kJ/mol)
    5.04630e+03    1.00074e+01    1.34216e+01
    1.00073e+01    5.10495e+03   -7.30759e+00
    1.34215e+01   -7.30743e+00    5.05973e+03

   Pressure (bar)
    1.67709e+00   -8.07675e-01   -1.12506e+00
   -8.07668e-01   -2.27557e+00    4.14910e-01
   -1.12506e+00    4.14898e-01    5.55212e-01

      T-Protein  T-non-Protein
    3.02506e+02    3.01695e+02


	M E G A - F L O P S   A C C O U N T I N G

 NB=Group-cutoff nonbonded kernels    NxN=N-by-N cluster Verlet kernels
 RF=Reaction-Field  VdW=Van der Waals  QSTab=quadratic-spline table
 W3=SPC/TIP3p  W4=TIP4p (single or pairs)
 V&F=Potential and force  V=Potential only  F=Force only

 Computing:                               M-Number         M-Flops  % Flops
-----------------------------------------------------------------------------
 Pair Search distance check            9753.150976       87778.359     1.3
 NxN RF Elec. + LJ [F]                31928.321048     1213276.200    17.7
 NxN RF Elec. + LJ [V&F]                322.612384       17421.069     0.3
 NxN LJ [F]                          159717.580608     5270680.160    76.9
 NxN LJ [V&F]                          1613.659216       69387.346     1.0
 NxN RF Electrostatics [F]              331.249864       10268.746     0.1
 NxN RF Electrostatics [V&F]              3.351504         120.654     0.0
 Shift-X                                 84.804240         508.825     0.0
 Bonds                                  300.000600       17700.035     0.3
 Angles                                 450.000900       75600.151     1.1
 Impropers                              100.000200       20800.042     0.3
 Virial                                 107.129285        1928.327     0.0
 Stop-CM                                 21.208480         212.085     0.0
 P-Coupling                             106.000000         636.000     0.0
 Calc-Ekin                              848.008480       22896.229     0.3
 Lincs                                  300.001800       18000.108     0.3
 Lincs-Mat                             6000.036000       24000.144     0.4
 Constraint-V                           600.002400        4800.019     0.1
 Constraint-Vir                          15.000600         360.014     0.0
-----------------------------------------------------------------------------
 Total                                                 6856374.514   100.0
-----------------------------------------------------------------------------


     R E A L   C Y C L E   A N D   T I M E   A C C O U N T I N G

On 1 MPI rank, each using 8 OpenMP threads

 Computing:          Num   Num      Call    Wall time         Giga-Cycles
                     Ranks Threads  Count      (s)         total sum    %
-----------------------------------------------------------------------------
 Neighbor search        1    8      20001      14.844        332.518   6.2
 Force                  1    8     500001     178.382       3995.898  74.5
 NB X/F buffer ops.     1    8     980001      12.744        285.469   5.3
 Write traj.            1    8        101       0.083          1.852   0.0
 Update                 1    8     500001      10.334        231.479   4.3
 Constraints            1    8     500001      15.705        351.814   6.6
 Rest                                           7.414        166.077   3.1
-----------------------------------------------------------------------------
 Total                                        239.505       5365.106 100.0
-----------------------------------------------------------------------------

               Core t (s)   Wall t (s)        (%)
       Time:     1916.038      239.505      800.0
                 (ns/day)    (hour/ns)
Performance:     4509.313        0.005
Finished mdrun on rank 0 Tue Aug  1 18:34:03 2017
